// Jest Snapshot v1, https://goo.gl/fbAQLP

exports[`LoginForm tests renders the UI as expected 1`] = `
<form
  className="loginForm"
  onSubmit={[Function]}
>
  <fieldset>
    <legend>
       Sign In
    </legend>
    <div
      className="formElement"
    >
      <label
        htmlFor="username"
      >
        Username
      </label>
      <input
        id="username"
        name="username"
        onChange={[Function]}
        type="text"
        value=""
      />
    </div>
    <div
      className="formElement"
    >
      <label
        htmlFor="password"
      >
        Password
      </label>
      <input
        id="password"
        name="password"
        onChange={[Function]}
        type="password"
        value=""
      />
    </div>
    <button
      className="submit"
      type="submit"
    >
      Login
    </button>
  </fieldset>
</form>
`;
