// Jest Snapshot v1, https://goo.gl/fbAQLP

exports[`EditForm tests renders the UI as expected 1`] = `
<form
  className="editForm"
  onSubmit={[Function]}
>
  <fieldset>
    <div
      className="editTitle"
    >
      <label
        htmlFor="title"
      >
        Title
      </label>
      <input
        aria-placeholder="Reddit"
        aria-required="true"
        id="title"
        name="title"
        onChange={[Function]}
        placeholder="Reddit"
        type="text"
        value="test title"
      />
    </div>
    <div
      className="editRating"
    >
      <label
        htmlFor="rating"
      >
        Rating
      </label>
      <select
        id="rating"
        name="rating"
        onChange={[Function]}
        value={3}
      >
        <option
          value=""
        >
          Rating
        </option>
        <option
          value="1"
        >
          1
        </option>
        <option
          value="2"
        >
          2
        </option>
        <option
          value="3"
        >
          3
        </option>
        <option
          value="4"
        >
          4
        </option>
        <option
          value="5"
        >
          5
        </option>
      </select>
    </div>
    <div
      className="editUrl"
    >
      <label
        htmlFor="url"
      >
        Url
      </label>
      <input
        aria-placeholder="https://www.reddit.com"
        aria-required="true"
        id="url"
        name="url"
        onChange={[Function]}
        placeholder="https://www.reddit.com"
        type="text"
        value="https://www.twitter.com"
      />
    </div>
    <div
      className="editDesc"
    >
      <label
        htmlFor="description"
      >
        Description
      </label>
      <textarea
        aria-placeholder="This is the best website ever"
        className="desc"
        id="description"
        name="desc"
        onChange={[Function]}
        placeholder="This is the best website ever"
        value="A test bookmark"
      />
    </div>
    <div
      className="editControlsContainer"
    >
      <div
        className="editFormControls"
      >
        <button
          className="cancel"
          onClick={[Function]}
          type="button"
        >
          Cancel
        </button>
        <button
          className="submit"
          type="submit"
        >
          Save
        </button>
      </div>
    </div>
  </fieldset>
</form>
`;
